Archive member included because of file (symbol)

../src/QTouch\libavr5g3_4qm_4x_1y_k_0rs.a(burst_qm_1.o)
                              touch.o (burst_qm_1)
../src/QTouch\libavr5g3_4qm_4x_1y_k_0rs.a(touch_api.o)
                              touch.o (qt_init_sensing_with_burst)
../src/QTouch\libavr5g3_4qm_4x_1y_k_0rs.a(touch_process.o)
                              ../src/QTouch\libavr5g3_4qm_4x_1y_k_0rs.a(touch_api.o) (sensors)
../src/QTouch\libavr5g3_4qm_4x_1y_k_0rs.a(touch_burst_qm.o)
                              ../src/QTouch\libavr5g3_4qm_4x_1y_k_0rs.a(touch_api.o) (burst_init)
c:/program files (x86)/atmel/atmel studio 6.0/extensions/atmel/avrgcc/3.4.0.65/avrtoolchain/bin/../lib/gcc/avr/4.6.2/avr5\libgcc.a(_prologue.o)
                              ../src/QTouch\libavr5g3_4qm_4x_1y_k_0rs.a(burst_qm_1.o) (__prologue_saves__)
c:/program files (x86)/atmel/atmel studio 6.0/extensions/atmel/avrgcc/3.4.0.65/avrtoolchain/bin/../lib/gcc/avr/4.6.2/avr5\libgcc.a(_epilogue.o)
                              ../src/QTouch\libavr5g3_4qm_4x_1y_k_0rs.a(burst_qm_1.o) (__epilogue_restores__)
c:/program files (x86)/atmel/atmel studio 6.0/extensions/atmel/avrgcc/3.4.0.65/avrtoolchain/bin/../lib/gcc/avr/4.6.2/avr5\libgcc.a(_exit.o)
                              c:/program files (x86)/atmel/atmel studio 6.0/extensions/atmel/avrgcc/3.4.0.65/avrtoolchain/bin/../lib/gcc/avr/4.6.2/../../../../avr/lib/avr5/crtm324pa.o (exit)
c:/program files (x86)/atmel/atmel studio 6.0/extensions/atmel/avrgcc/3.4.0.65/avrtoolchain/bin/../lib/gcc/avr/4.6.2/avr5\libgcc.a(_copy_data.o)
                              main.o (__do_copy_data)
c:/program files (x86)/atmel/atmel studio 6.0/extensions/atmel/avrgcc/3.4.0.65/avrtoolchain/bin/../lib/gcc/avr/4.6.2/avr5\libgcc.a(_clear_bss.o)
                              main.o (__do_clear_bss)

Allocating common symbols
Common symbol       size              file

qt_config_data      0x7               ../src/QTouch\libavr5g3_4qm_4x_1y_k_0rs.a(touch_api.o)
qt_filter_callback  0x2               ../src/QTouch\libavr5g3_4qm_4x_1y_k_0rs.a(touch_api.o)
reg_clya            0x1               ../src/QTouch\libavr5g3_4qm_4x_1y_k_0rs.a(touch_burst_qm.o)
old_isr_state       0x1               ../src/QTouch\libavr5g3_4qm_4x_1y_k_0rs.a(touch_burst_qm.o)
reg_flyab           0x1               ../src/QTouch\libavr5g3_4qm_4x_1y_k_0rs.a(touch_burst_qm.o)
reg_clyb            0x1               ../src/QTouch\libavr5g3_4qm_4x_1y_k_0rs.a(touch_burst_qm.o)
qt_measure_data     0x11              ../src/QTouch\libavr5g3_4qm_4x_1y_k_0rs.a(touch_api.o)
dht_counter         0x1               ../src/QTouch\libavr5g3_4qm_4x_1y_k_0rs.a(touch_process.o)
reg_flyb            0x1               ../src/QTouch\libavr5g3_4qm_4x_1y_k_0rs.a(touch_burst_qm.o)
lib_status_flags    0x2               ../src/QTouch\libavr5g3_4qm_4x_1y_k_0rs.a(touch_api.o)
num_sensors         0x1               ../src/QTouch\libavr5g3_4qm_4x_1y_k_0rs.a(touch_process.o)
burst_mask          0x5               ../src/QTouch\libavr5g3_4qm_4x_1y_k_0rs.a(touch_burst_qm.o)
reg_flya            0x1               ../src/QTouch\libavr5g3_4qm_4x_1y_k_0rs.a(touch_burst_qm.o)
sensors             0x18              ../src/QTouch\libavr5g3_4qm_4x_1y_k_0rs.a(touch_process.o)

Memory Configuration

Name             Origin             Length             Attributes
text             0x00000000         0x00020000         xr
data             0x00800060         0x0000ffa0         rw !x
eeprom           0x00810000         0x00010000         rw !x
fuse             0x00820000         0x00000400         rw !x
lock             0x00830000         0x00000400         rw !x
signature        0x00840000         0x00000400         rw !x
*default*        0x00000000         0xffffffff

Linker script and memory map

Address of section .data set to 0x800100
LOAD c:/program files (x86)/atmel/atmel studio 6.0/extensions/atmel/avrgcc/3.4.0.65/avrtoolchain/bin/../lib/gcc/avr/4.6.2/../../../../avr/lib/avr5/crtm324pa.o
LOAD main.o
LOAD src/QTouch/BitBangSPI_Master.o
LOAD src/QTouch/init_mcu_atmega324.o
LOAD src/QTouch/SPI_Master.o
LOAD src/QTouch/TWI_Master.o
LOAD src/QTouch/eeprom_access.o
LOAD src/QTouch/QDebug.o
LOAD src/QTouch/QDebugTransport.o
LOAD src/QTouch/qm_asm_tiny_mega.o
LOAD touch.o
START GROUP
LOAD c:/program files (x86)/atmel/atmel studio 6.0/extensions/atmel/avrgcc/3.4.0.65/avrtoolchain/bin/../lib/gcc/avr/4.6.2/../../../../avr/lib/avr5\libm.a
LOAD ../src/QTouch\libavr5g3_4qm_4x_1y_k_0rs.a
END GROUP
LOAD c:/program files (x86)/atmel/atmel studio 6.0/extensions/atmel/avrgcc/3.4.0.65/avrtoolchain/bin/../lib/gcc/avr/4.6.2/avr5\libgcc.a
LOAD c:/program files (x86)/atmel/atmel studio 6.0/extensions/atmel/avrgcc/3.4.0.65/avrtoolchain/bin/../lib/gcc/avr/4.6.2/../../../../avr/lib/avr5\libc.a
LOAD c:/program files (x86)/atmel/atmel studio 6.0/extensions/atmel/avrgcc/3.4.0.65/avrtoolchain/bin/../lib/gcc/avr/4.6.2/avr5\libgcc.a

.hash
 *(.hash)

.dynsym
 *(.dynsym)

.dynstr
 *(.dynstr)

.gnu.version
 *(.gnu.version)

.gnu.version_d
 *(.gnu.version_d)

.gnu.version_r
 *(.gnu.version_r)

.rel.init
 *(.rel.init)

.rela.init
 *(.rela.init)

.rel.text
 *(.rel.text)
 *(.rel.text.*)
 *(.rel.gnu.linkonce.t*)

.rela.text
 *(.rela.text)
 *(.rela.text.*)
 *(.rela.gnu.linkonce.t*)

.rel.fini
 *(.rel.fini)

.rela.fini
 *(.rela.fini)

.rel.rodata
 *(.rel.rodata)
 *(.rel.rodata.*)
 *(.rel.gnu.linkonce.r*)

.rela.rodata
 *(.rela.rodata)
 *(.rela.rodata.*)
 *(.rela.gnu.linkonce.r*)

.rel.data
 *(.rel.data)
 *(.rel.data.*)
 *(.rel.gnu.linkonce.d*)

.rela.data
 *(.rela.data)
 *(.rela.data.*)
 *(.rela.gnu.linkonce.d*)

.rel.ctors
 *(.rel.ctors)

.rela.ctors
 *(.rela.ctors)

.rel.dtors
 *(.rel.dtors)

.rela.dtors
 *(.rela.dtors)

.rel.got
 *(.rel.got)

.rela.got
 *(.rela.got)

.rel.bss
 *(.rel.bss)

.rela.bss
 *(.rela.bss)

.rel.plt
 *(.rel.plt)

.rela.plt
 *(.rela.plt)

.text           0x00000000      0xe30
 *(.vectors)
 .vectors       0x00000000       0x7c c:/program files (x86)/atmel/atmel studio 6.0/extensions/atmel/avrgcc/3.4.0.65/avrtoolchain/bin/../lib/gcc/avr/4.6.2/../../../../avr/lib/avr5/crtm324pa.o
                0x00000000                __vector_default
                0x00000000                __vectors
 *(.vectors)
 *(.progmem.gcc*)
 *(.progmem*)
                0x0000007c                . = ALIGN (0x2)
                0x0000007c                __trampolines_start = .
 *(.trampolines)
 .trampolines   0x0000007c        0x0 linker stubs
 *(.trampolines*)
                0x0000007c                __trampolines_end = .
 *(.jumptables)
 *(.jumptables*)
 *(.lowtext)
 *(.lowtext*)
                0x0000007c                __ctors_start = .
 *(.ctors)
                0x0000007c                __ctors_end = .
                0x0000007c                __dtors_start = .
 *(.dtors)
                0x0000007c                __dtors_end = .
 SORT(*)(.ctors)
 SORT(*)(.dtors)
 *(.init0)
 .init0         0x0000007c        0x0 c:/program files (x86)/atmel/atmel studio 6.0/extensions/atmel/avrgcc/3.4.0.65/avrtoolchain/bin/../lib/gcc/avr/4.6.2/../../../../avr/lib/avr5/crtm324pa.o
                0x0000007c                __init
 *(.init0)
 *(.init1)
 *(.init1)
 *(.init2)
 .init2         0x0000007c        0xc c:/program files (x86)/atmel/atmel studio 6.0/extensions/atmel/avrgcc/3.4.0.65/avrtoolchain/bin/../lib/gcc/avr/4.6.2/../../../../avr/lib/avr5/crtm324pa.o
 *(.init2)
 *(.init3)
 *(.init3)
 *(.init4)
 .init4         0x00000088       0x16 c:/program files (x86)/atmel/atmel studio 6.0/extensions/atmel/avrgcc/3.4.0.65/avrtoolchain/bin/../lib/gcc/avr/4.6.2/avr5\libgcc.a(_copy_data.o)
                0x00000088                __do_copy_data
 .init4         0x0000009e       0x10 c:/program files (x86)/atmel/atmel studio 6.0/extensions/atmel/avrgcc/3.4.0.65/avrtoolchain/bin/../lib/gcc/avr/4.6.2/avr5\libgcc.a(_clear_bss.o)
                0x0000009e                __do_clear_bss
 *(.init4)
 *(.init5)
 *(.init5)
 *(.init6)
 *(.init6)
 *(.init7)
 *(.init7)
 *(.init8)
 *(.init8)
 *(.init9)
 .init9         0x000000ae        0x8 c:/program files (x86)/atmel/atmel studio 6.0/extensions/atmel/avrgcc/3.4.0.65/avrtoolchain/bin/../lib/gcc/avr/4.6.2/../../../../avr/lib/avr5/crtm324pa.o
 *(.init9)
 *(.text)
 .text          0x000000b6        0x4 c:/program files (x86)/atmel/atmel studio 6.0/extensions/atmel/avrgcc/3.4.0.65/avrtoolchain/bin/../lib/gcc/avr/4.6.2/../../../../avr/lib/avr5/crtm324pa.o
                0x000000b6                __vector_22
                0x000000b6                __vector_28
                0x000000b6                __vector_1
                0x000000b6                __vector_24
                0x000000b6                __vector_12
                0x000000b6                __bad_interrupt
                0x000000b6                __vector_6
                0x000000b6                __vector_3
                0x000000b6                __vector_23
                0x000000b6                __vector_30
                0x000000b6                __vector_25
                0x000000b6                __vector_11
                0x000000b6                __vector_13
                0x000000b6                __vector_17
                0x000000b6                __vector_19
                0x000000b6                __vector_7
                0x000000b6                __vector_27
                0x000000b6                __vector_5
                0x000000b6                __vector_4
                0x000000b6                __vector_9
                0x000000b6                __vector_2
                0x000000b6                __vector_21
                0x000000b6                __vector_15
                0x000000b6                __vector_29
                0x000000b6                __vector_8
                0x000000b6                __vector_26
                0x000000b6                __vector_14
                0x000000b6                __vector_10
                0x000000b6                __vector_18
                0x000000b6                __vector_20
 .text          0x000000ba        0x0 main.o
 .text          0x000000ba        0x0 src/QTouch/BitBangSPI_Master.o
 .text          0x000000ba       0xaa src/QTouch/init_mcu_atmega324.o
                0x000000ba                init_timer_isr
                0x000000d6                __vector_16
                0x0000013a                set_timer_period
                0x00000140                init_system
 .text          0x00000164        0x0 src/QTouch/SPI_Master.o
 .text          0x00000164        0x0 src/QTouch/TWI_Master.o
 .text          0x00000164        0x0 src/QTouch/eeprom_access.o
 .text          0x00000164        0x0 src/QTouch/QDebug.o
 .text          0x00000164        0x0 src/QTouch/QDebugTransport.o
 .text          0x00000164       0xa2 src/QTouch/qm_asm_tiny_mega.o
                0x00000164                _00110000001_
                0x000001a8                _00110000100_
                0x000001ea                _00110000010_
                0x000001f8                _00110000011_
                0x000001fc                _00110000110_
 .text          0x00000206       0x96 touch.o
                0x00000206                touch_init
                0x0000026a                touch_measure
 .text          0x0000029c      0x124 ../src/QTouch\libavr5g3_4qm_4x_1y_k_0rs.a(burst_qm_1.o)
                0x0000029c                burst_qm_1
 .text          0x000003c0      0x262 ../src/QTouch\libavr5g3_4qm_4x_1y_k_0rs.a(touch_api.o)
                0x000003c0                qt_init_sensing_with_burst
                0x000003e6                qt_get_library_sig
                0x00000402                qt_calibrate_sensing
                0x0000041c                qt_reset_sensing
                0x00000454                qt_measure_sensors
                0x00000548                qt_enable_key
                0x0000057c                qt_get_sensor_delta
 .text          0x00000622      0x5e2 ../src/QTouch\libavr5g3_4qm_4x_1y_k_0rs.a(touch_process.o)
                0x0000065e                start_cal_sensor
                0x00000688                process_sensor
                0x00000bd8                get_channel_delta
 .text          0x00000c04      0x1a8 ../src/QTouch\libavr5g3_4qm_4x_1y_k_0rs.a(touch_burst_qm.o)
                0x00000c04                burst_init
                0x00000cc8                burst_reset
                0x00000cdc                burst
 .text          0x00000dac        0x0 c:/program files (x86)/atmel/atmel studio 6.0/extensions/atmel/avrgcc/3.4.0.65/avrtoolchain/bin/../lib/gcc/avr/4.6.2/avr5\libgcc.a(_prologue.o)
 .text          0x00000dac        0x0 c:/program files (x86)/atmel/atmel studio 6.0/extensions/atmel/avrgcc/3.4.0.65/avrtoolchain/bin/../lib/gcc/avr/4.6.2/avr5\libgcc.a(_epilogue.o)
 .text          0x00000dac        0x0 c:/program files (x86)/atmel/atmel studio 6.0/extensions/atmel/avrgcc/3.4.0.65/avrtoolchain/bin/../lib/gcc/avr/4.6.2/avr5\libgcc.a(_exit.o)
 .text          0x00000dac        0x0 c:/program files (x86)/atmel/atmel studio 6.0/extensions/atmel/avrgcc/3.4.0.65/avrtoolchain/bin/../lib/gcc/avr/4.6.2/avr5\libgcc.a(_copy_data.o)
 .text          0x00000dac        0x0 c:/program files (x86)/atmel/atmel studio 6.0/extensions/atmel/avrgcc/3.4.0.65/avrtoolchain/bin/../lib/gcc/avr/4.6.2/avr5\libgcc.a(_clear_bss.o)
                0x00000dac                . = ALIGN (0x2)
 *(.text.*)
 .text.startup  0x00000dac       0x12 main.o
                0x00000dac                main
 .text.libgcc   0x00000dbe       0x38 c:/program files (x86)/atmel/atmel studio 6.0/extensions/atmel/avrgcc/3.4.0.65/avrtoolchain/bin/../lib/gcc/avr/4.6.2/avr5\libgcc.a(_prologue.o)
                0x00000dbe                __prologue_saves__
 .text.libgcc   0x00000df6       0x36 c:/program files (x86)/atmel/atmel studio 6.0/extensions/atmel/avrgcc/3.4.0.65/avrtoolchain/bin/../lib/gcc/avr/4.6.2/avr5\libgcc.a(_epilogue.o)
                0x00000df6                __epilogue_restores__
 .text.libgcc   0x00000e2c        0x0 c:/program files (x86)/atmel/atmel studio 6.0/extensions/atmel/avrgcc/3.4.0.65/avrtoolchain/bin/../lib/gcc/avr/4.6.2/avr5\libgcc.a(_exit.o)
 .text.libgcc   0x00000e2c        0x0 c:/program files (x86)/atmel/atmel studio 6.0/extensions/atmel/avrgcc/3.4.0.65/avrtoolchain/bin/../lib/gcc/avr/4.6.2/avr5\libgcc.a(_copy_data.o)
 .text.libgcc   0x00000e2c        0x0 c:/program files (x86)/atmel/atmel studio 6.0/extensions/atmel/avrgcc/3.4.0.65/avrtoolchain/bin/../lib/gcc/avr/4.6.2/avr5\libgcc.a(_clear_bss.o)
                0x00000e2c                . = ALIGN (0x2)
 *(.fini9)
 .fini9         0x00000e2c        0x0 c:/program files (x86)/atmel/atmel studio 6.0/extensions/atmel/avrgcc/3.4.0.65/avrtoolchain/bin/../lib/gcc/avr/4.6.2/avr5\libgcc.a(_exit.o)
                0x00000e2c                _exit
                0x00000e2c                exit
 *(.fini9)
 *(.fini8)
 *(.fini8)
 *(.fini7)
 *(.fini7)
 *(.fini6)
 *(.fini6)
 *(.fini5)
 *(.fini5)
 *(.fini4)
 *(.fini4)
 *(.fini3)
 *(.fini3)
 *(.fini2)
 *(.fini2)
 *(.fini1)
 *(.fini1)
 *(.fini0)
 .fini0         0x00000e2c        0x4 c:/program files (x86)/atmel/atmel studio 6.0/extensions/atmel/avrgcc/3.4.0.65/avrtoolchain/bin/../lib/gcc/avr/4.6.2/avr5\libgcc.a(_exit.o)
 *(.fini0)
                0x00000e30                _etext = .

.data           0x00800100       0x1e load address 0x00000e30
                0x00800100                PROVIDE (__data_start, .)
 *(.data)
 .data          0x00800100        0x0 c:/program files (x86)/atmel/atmel studio 6.0/extensions/atmel/avrgcc/3.4.0.65/avrtoolchain/bin/../lib/gcc/avr/4.6.2/../../../../avr/lib/avr5/crtm324pa.o
 .data          0x00800100        0x2 main.o
                0x00800100                qt_measurement_period_msec
 .data          0x00800102        0x0 src/QTouch/BitBangSPI_Master.o
 .data          0x00800102        0x0 src/QTouch/init_mcu_atmega324.o
 .data          0x00800102        0x0 src/QTouch/SPI_Master.o
 .data          0x00800102        0x0 src/QTouch/TWI_Master.o
 .data          0x00800102        0x0 src/QTouch/eeprom_access.o
 .data          0x00800102        0x0 src/QTouch/QDebug.o
 .data          0x00800102        0x0 src/QTouch/QDebugTransport.o
 .data          0x00800102        0x0 src/QTouch/qm_asm_tiny_mega.o
 .data          0x00800102       0x16 touch.o
                0x00800102                yb_line_info
                0x00800104                ya_line_info
                0x00800106                x_line_info
                0x00800116                pqt_measure_data
 .data          0x00800118        0x0 ../src/QTouch\libavr5g3_4qm_4x_1y_k_0rs.a(burst_qm_1.o)
 .data          0x00800118        0x1 ../src/QTouch\libavr5g3_4qm_4x_1y_k_0rs.a(touch_api.o)
                0x00800118                freq_shift
 .data          0x00800119        0x0 ../src/QTouch\libavr5g3_4qm_4x_1y_k_0rs.a(touch_process.o)
 .data          0x00800119        0x4 ../src/QTouch\libavr5g3_4qm_4x_1y_k_0rs.a(touch_burst_qm.o)
                0x00800119                qt_burst_lengths
 .data          0x0080011d        0x0 c:/program files (x86)/atmel/atmel studio 6.0/extensions/atmel/avrgcc/3.4.0.65/avrtoolchain/bin/../lib/gcc/avr/4.6.2/avr5\libgcc.a(_prologue.o)
 .data          0x0080011d        0x0 c:/program files (x86)/atmel/atmel studio 6.0/extensions/atmel/avrgcc/3.4.0.65/avrtoolchain/bin/../lib/gcc/avr/4.6.2/avr5\libgcc.a(_epilogue.o)
 .data          0x0080011d        0x0 c:/program files (x86)/atmel/atmel studio 6.0/extensions/atmel/avrgcc/3.4.0.65/avrtoolchain/bin/../lib/gcc/avr/4.6.2/avr5\libgcc.a(_exit.o)
 .data          0x0080011d        0x0 c:/program files (x86)/atmel/atmel studio 6.0/extensions/atmel/avrgcc/3.4.0.65/avrtoolchain/bin/../lib/gcc/avr/4.6.2/avr5\libgcc.a(_copy_data.o)
 .data          0x0080011d        0x0 c:/program files (x86)/atmel/atmel studio 6.0/extensions/atmel/avrgcc/3.4.0.65/avrtoolchain/bin/../lib/gcc/avr/4.6.2/avr5\libgcc.a(_clear_bss.o)
 *(.data*)
 *(.rodata)
 *(.rodata*)
 *(.gnu.linkonce.d*)
                0x0080011e                . = ALIGN (0x2)
 *fill*         0x0080011d        0x1 00
                0x0080011e                _edata = .
                0x0080011e                PROVIDE (__data_end, .)

.bss            0x0080011e       0x54
                0x0080011e                PROVIDE (__bss_start, .)
 *(.bss)
 .bss           0x0080011e        0x0 c:/program files (x86)/atmel/atmel studio 6.0/extensions/atmel/avrgcc/3.4.0.65/avrtoolchain/bin/../lib/gcc/avr/4.6.2/../../../../avr/lib/avr5/crtm324pa.o
 .bss           0x0080011e        0x5 main.o
                0x0080011e                current_time_ms_touch
                0x00800120                time_to_measure_touch
                0x00800121                time_ms_inc
 .bss           0x00800123        0x0 src/QTouch/BitBangSPI_Master.o
 .bss           0x00800123        0x0 src/QTouch/init_mcu_atmega324.o
 .bss           0x00800123        0x0 src/QTouch/SPI_Master.o
 .bss           0x00800123        0x0 src/QTouch/TWI_Master.o
 .bss           0x00800123        0x0 src/QTouch/eeprom_access.o
 .bss           0x00800123        0x0 src/QTouch/QDebug.o
 .bss           0x00800123        0x0 src/QTouch/QDebugTransport.o
 .bss           0x00800123        0x0 src/QTouch/qm_asm_tiny_mega.o
 .bss           0x00800123        0x4 touch.o
 .bss           0x00800127        0x0 ../src/QTouch\libavr5g3_4qm_4x_1y_k_0rs.a(burst_qm_1.o)
 .bss           0x00800127        0x6 ../src/QTouch\libavr5g3_4qm_4x_1y_k_0rs.a(touch_api.o)
                0x00800127                burst_proc_qm
 .bss           0x0080012d        0x4 ../src/QTouch\libavr5g3_4qm_4x_1y_k_0rs.a(touch_process.o)
 .bss           0x00800131        0x0 ../src/QTouch\libavr5g3_4qm_4x_1y_k_0rs.a(touch_burst_qm.o)
 .bss           0x00800131        0x0 c:/program files (x86)/atmel/atmel studio 6.0/extensions/atmel/avrgcc/3.4.0.65/avrtoolchain/bin/../lib/gcc/avr/4.6.2/avr5\libgcc.a(_prologue.o)
 .bss           0x00800131        0x0 c:/program files (x86)/atmel/atmel studio 6.0/extensions/atmel/avrgcc/3.4.0.65/avrtoolchain/bin/../lib/gcc/avr/4.6.2/avr5\libgcc.a(_epilogue.o)
 .bss           0x00800131        0x0 c:/program files (x86)/atmel/atmel studio 6.0/extensions/atmel/avrgcc/3.4.0.65/avrtoolchain/bin/../lib/gcc/avr/4.6.2/avr5\libgcc.a(_exit.o)
 .bss           0x00800131        0x0 c:/program files (x86)/atmel/atmel studio 6.0/extensions/atmel/avrgcc/3.4.0.65/avrtoolchain/bin/../lib/gcc/avr/4.6.2/avr5\libgcc.a(_copy_data.o)
 .bss           0x00800131        0x0 c:/program files (x86)/atmel/atmel studio 6.0/extensions/atmel/avrgcc/3.4.0.65/avrtoolchain/bin/../lib/gcc/avr/4.6.2/avr5\libgcc.a(_clear_bss.o)
 *(.bss*)
 *(COMMON)
 COMMON         0x00800131       0x1c ../src/QTouch\libavr5g3_4qm_4x_1y_k_0rs.a(touch_api.o)
                0x00800131                qt_config_data
                0x00800138                qt_filter_callback
                0x0080013a                qt_measure_data
                0x0080014b                lib_status_flags
 COMMON         0x0080014d       0x1a ../src/QTouch\libavr5g3_4qm_4x_1y_k_0rs.a(touch_process.o)
                0x0080014d                dht_counter
                0x0080014e                num_sensors
                0x0080014f                sensors
 COMMON         0x00800167        0xb ../src/QTouch\libavr5g3_4qm_4x_1y_k_0rs.a(touch_burst_qm.o)
                0x00800167                reg_clya
                0x00800168                old_isr_state
                0x00800169                reg_flyab
                0x0080016a                reg_clyb
                0x0080016b                reg_flyb
                0x0080016c                burst_mask
                0x00800171                reg_flya
                0x00800172                PROVIDE (__bss_end, .)
                0x00000e30                __data_load_start = LOADADDR (.data)
                0x00000e4e                __data_load_end = (__data_load_start + SIZEOF (.data))

.noinit         0x00800172        0x0
                0x00800172                PROVIDE (__noinit_start, .)
 *(.noinit*)
                0x00800172                PROVIDE (__noinit_end, .)
                0x00800172                _end = .
                0x00800172                PROVIDE (__heap_start, .)

.eeprom         0x00810000        0x0
 *(.eeprom*)
                0x00810000                __eeprom_end = .

.fuse
 *(.fuse)
 *(.lfuse)
 *(.hfuse)
 *(.efuse)

.lock
 *(.lock*)

.signature
 *(.signature*)

.stab           0x00000000      0x6cc
 *(.stab)
 .stab          0x00000000      0x6cc c:/program files (x86)/atmel/atmel studio 6.0/extensions/atmel/avrgcc/3.4.0.65/avrtoolchain/bin/../lib/gcc/avr/4.6.2/../../../../avr/lib/avr5/crtm324pa.o

.stabstr        0x00000000       0x85
 *(.stabstr)
 .stabstr       0x00000000       0x85 c:/program files (x86)/atmel/atmel studio 6.0/extensions/atmel/avrgcc/3.4.0.65/avrtoolchain/bin/../lib/gcc/avr/4.6.2/../../../../avr/lib/avr5/crtm324pa.o

.stab.excl
 *(.stab.excl)

.stab.exclstr
 *(.stab.exclstr)

.stab.index
 *(.stab.index)

.stab.indexstr
 *(.stab.indexstr)

.comment
 *(.comment)

.debug
 *(.debug)

.line
 *(.line)

.debug_srcinfo
 *(.debug_srcinfo)

.debug_sfnames
 *(.debug_sfnames)

.debug_aranges  0x00000000      0x120
 *(.debug_aranges)
 .debug_aranges
                0x00000000       0x20 main.o
 .debug_aranges
                0x00000020       0x20 src/QTouch/init_mcu_atmega324.o
 .debug_aranges
                0x00000040       0x20 src/QTouch/qm_asm_tiny_mega.o
 .debug_aranges
                0x00000060       0x20 touch.o
 .debug_aranges
                0x00000080       0x20 c:/program files (x86)/atmel/atmel studio 6.0/extensions/atmel/avrgcc/3.4.0.65/avrtoolchain/bin/../lib/gcc/avr/4.6.2/avr5\libgcc.a(_prologue.o)
 .debug_aranges
                0x000000a0       0x20 c:/program files (x86)/atmel/atmel studio 6.0/extensions/atmel/avrgcc/3.4.0.65/avrtoolchain/bin/../lib/gcc/avr/4.6.2/avr5\libgcc.a(_epilogue.o)
 .debug_aranges
                0x000000c0       0x20 c:/program files (x86)/atmel/atmel studio 6.0/extensions/atmel/avrgcc/3.4.0.65/avrtoolchain/bin/../lib/gcc/avr/4.6.2/avr5\libgcc.a(_exit.o)
 .debug_aranges
                0x000000e0       0x20 c:/program files (x86)/atmel/atmel studio 6.0/extensions/atmel/avrgcc/3.4.0.65/avrtoolchain/bin/../lib/gcc/avr/4.6.2/avr5\libgcc.a(_copy_data.o)
 .debug_aranges
                0x00000100       0x20 c:/program files (x86)/atmel/atmel studio 6.0/extensions/atmel/avrgcc/3.4.0.65/avrtoolchain/bin/../lib/gcc/avr/4.6.2/avr5\libgcc.a(_clear_bss.o)

.debug_pubnames
 *(.debug_pubnames)

.debug_info     0x00000000      0xbe3
 *(.debug_info)
 .debug_info    0x00000000       0xe3 main.o
 .debug_info    0x000000e3      0x14e src/QTouch/init_mcu_atmega324.o
 .debug_info    0x00000231       0xa3 src/QTouch/qm_asm_tiny_mega.o
 .debug_info    0x000002d4      0x4be touch.o
 .debug_info    0x00000792       0xdd c:/program files (x86)/atmel/atmel studio 6.0/extensions/atmel/avrgcc/3.4.0.65/avrtoolchain/bin/../lib/gcc/avr/4.6.2/avr5\libgcc.a(_prologue.o)
 .debug_info    0x0000086f       0xdd c:/program files (x86)/atmel/atmel studio 6.0/extensions/atmel/avrgcc/3.4.0.65/avrtoolchain/bin/../lib/gcc/avr/4.6.2/avr5\libgcc.a(_epilogue.o)
 .debug_info    0x0000094c       0xdd c:/program files (x86)/atmel/atmel studio 6.0/extensions/atmel/avrgcc/3.4.0.65/avrtoolchain/bin/../lib/gcc/avr/4.6.2/avr5\libgcc.a(_exit.o)
 .debug_info    0x00000a29       0xdd c:/program files (x86)/atmel/atmel studio 6.0/extensions/atmel/avrgcc/3.4.0.65/avrtoolchain/bin/../lib/gcc/avr/4.6.2/avr5\libgcc.a(_copy_data.o)
 .debug_info    0x00000b06       0xdd c:/program files (x86)/atmel/atmel studio 6.0/extensions/atmel/avrgcc/3.4.0.65/avrtoolchain/bin/../lib/gcc/avr/4.6.2/avr5\libgcc.a(_clear_bss.o)
 *(.gnu.linkonce.wi.*)

.debug_abbrev   0x00000000      0x2e0
 *(.debug_abbrev)
 .debug_abbrev  0x00000000       0x68 main.o
 .debug_abbrev  0x00000068        0x1 src/QTouch/BitBangSPI_Master.o
 .debug_abbrev  0x00000069       0x9f src/QTouch/init_mcu_atmega324.o
 .debug_abbrev  0x00000108        0x1 src/QTouch/SPI_Master.o
 .debug_abbrev  0x00000109        0x1 src/QTouch/TWI_Master.o
 .debug_abbrev  0x0000010a        0x1 src/QTouch/eeprom_access.o
 .debug_abbrev  0x0000010b        0x1 src/QTouch/QDebug.o
 .debug_abbrev  0x0000010c        0x1 src/QTouch/QDebugTransport.o
 .debug_abbrev  0x0000010d       0x14 src/QTouch/qm_asm_tiny_mega.o
 .debug_abbrev  0x00000121      0x15b touch.o
 .debug_abbrev  0x0000027c       0x14 c:/program files (x86)/atmel/atmel studio 6.0/extensions/atmel/avrgcc/3.4.0.65/avrtoolchain/bin/../lib/gcc/avr/4.6.2/avr5\libgcc.a(_prologue.o)
 .debug_abbrev  0x00000290       0x14 c:/program files (x86)/atmel/atmel studio 6.0/extensions/atmel/avrgcc/3.4.0.65/avrtoolchain/bin/../lib/gcc/avr/4.6.2/avr5\libgcc.a(_epilogue.o)
 .debug_abbrev  0x000002a4       0x14 c:/program files (x86)/atmel/atmel studio 6.0/extensions/atmel/avrgcc/3.4.0.65/avrtoolchain/bin/../lib/gcc/avr/4.6.2/avr5\libgcc.a(_exit.o)
 .debug_abbrev  0x000002b8       0x14 c:/program files (x86)/atmel/atmel studio 6.0/extensions/atmel/avrgcc/3.4.0.65/avrtoolchain/bin/../lib/gcc/avr/4.6.2/avr5\libgcc.a(_copy_data.o)
 .debug_abbrev  0x000002cc       0x14 c:/program files (x86)/atmel/atmel studio 6.0/extensions/atmel/avrgcc/3.4.0.65/avrtoolchain/bin/../lib/gcc/avr/4.6.2/avr5\libgcc.a(_clear_bss.o)

.debug_line     0x00000000      0x692
 *(.debug_line)
 .debug_line    0x00000000       0xda main.o
 .debug_line    0x000000da        0x0 src/QTouch/BitBangSPI_Master.o
 .debug_line    0x000000da      0x107 src/QTouch/init_mcu_atmega324.o
 .debug_line    0x000001e1        0x0 src/QTouch/SPI_Master.o
 .debug_line    0x000001e1        0x0 src/QTouch/TWI_Master.o
 .debug_line    0x000001e1        0x0 src/QTouch/eeprom_access.o
 .debug_line    0x000001e1        0x0 src/QTouch/QDebug.o
 .debug_line    0x000001e1        0x0 src/QTouch/QDebugTransport.o
 .debug_line    0x000001e1       0xa2 src/QTouch/qm_asm_tiny_mega.o
 .debug_line    0x00000283      0x125 touch.o
 .debug_line    0x000003a8       0xa2 c:/program files (x86)/atmel/atmel studio 6.0/extensions/atmel/avrgcc/3.4.0.65/avrtoolchain/bin/../lib/gcc/avr/4.6.2/avr5\libgcc.a(_prologue.o)
 .debug_line    0x0000044a       0xa1 c:/program files (x86)/atmel/atmel studio 6.0/extensions/atmel/avrgcc/3.4.0.65/avrtoolchain/bin/../lib/gcc/avr/4.6.2/avr5\libgcc.a(_epilogue.o)
 .debug_line    0x000004eb       0x88 c:/program files (x86)/atmel/atmel studio 6.0/extensions/atmel/avrgcc/3.4.0.65/avrtoolchain/bin/../lib/gcc/avr/4.6.2/avr5\libgcc.a(_exit.o)
 .debug_line    0x00000573       0x91 c:/program files (x86)/atmel/atmel studio 6.0/extensions/atmel/avrgcc/3.4.0.65/avrtoolchain/bin/../lib/gcc/avr/4.6.2/avr5\libgcc.a(_copy_data.o)
 .debug_line    0x00000604       0x8e c:/program files (x86)/atmel/atmel studio 6.0/extensions/atmel/avrgcc/3.4.0.65/avrtoolchain/bin/../lib/gcc/avr/4.6.2/avr5\libgcc.a(_clear_bss.o)

.debug_frame    0x00000000       0xcc
 *(.debug_frame)
 .debug_frame   0x00000000       0x24 main.o
 .debug_frame   0x00000024       0x74 src/QTouch/init_mcu_atmega324.o
 .debug_frame   0x00000098       0x34 touch.o

.debug_str      0x00000000      0x530
 *(.debug_str)
 .debug_str     0x00000000      0x110 main.o
                                0x144 (size before relaxing)
 .debug_str     0x00000110       0x5b src/QTouch/init_mcu_atmega324.o
                                0x18e (size before relaxing)
 .debug_str     0x0000016b      0x3c5 touch.o
                                0x558 (size before relaxing)

.debug_loc      0x00000000       0x7b
 *(.debug_loc)
 .debug_loc     0x00000000       0x7b src/QTouch/init_mcu_atmega324.o

.debug_macinfo
 *(.debug_macinfo)
OUTPUT(Pong.0_Test.elf elf32-avr)
LOAD linker stubs

.debug_ranges   0x00000000       0x10
 .debug_ranges  0x00000000       0x10 main.o
