Archive member included because of file (symbol)

..\libavrxmega2_32qm_8x_4y_krs_4rs.a(burst_qm_1.o)
                              main_xmega.o (burst_qm_1)
..\libavrxmega2_32qm_8x_4y_krs_4rs.a(touch_api.o)
                              main_xmega.o (qt_init_sensing_with_burst)
..\libavrxmega2_32qm_8x_4y_krs_4rs.a(touch_process.o)
                              eeprom_access.o (sensors)
..\libavrxmega2_32qm_8x_4y_krs_4rs.a(touch_burst_qm.o)
                              ..\libavrxmega2_32qm_8x_4y_krs_4rs.a(burst_qm_1.o) (old_isr_state)
..\libavrxmega2_32qm_8x_4y_krs_4rs.a(touch_rs_qm.o)
                              ..\libavrxmega2_32qm_8x_4y_krs_4rs.a(touch_api.o) (num_rotors_sliders)
c:/program files (x86)/atmel/atmel toolchain/avr8 gcc/native/3.4.2.1002/avr8-gnu-toolchain/bin/../lib/gcc/avr/4.7.2/avrxmega2\libgcc.a(_mulsi3.o)
                              ..\libavrxmega2_32qm_8x_4y_krs_4rs.a(touch_rs_qm.o) (__mulsi3)
c:/program files (x86)/atmel/atmel toolchain/avr8 gcc/native/3.4.2.1002/avr8-gnu-toolchain/bin/../lib/gcc/avr/4.7.2/avrxmega2\libgcc.a(_exit.o)
                              c:/program files (x86)/atmel/atmel toolchain/avr8 gcc/native/3.4.2.1002/avr8-gnu-toolchain/bin/../lib/gcc/avr/4.7.2/../../../../avr/lib/avrxmega2/crtx16a4u.o (exit)
c:/program files (x86)/atmel/atmel toolchain/avr8 gcc/native/3.4.2.1002/avr8-gnu-toolchain/bin/../lib/gcc/avr/4.7.2/avrxmega2\libgcc.a(_copy_data.o)
                              main_xmega.o (__do_copy_data)
c:/program files (x86)/atmel/atmel toolchain/avr8 gcc/native/3.4.2.1002/avr8-gnu-toolchain/bin/../lib/gcc/avr/4.7.2/avrxmega2\libgcc.a(_clear_bss.o)
                              main_xmega.o (__do_clear_bss)
c:/program files (x86)/atmel/atmel toolchain/avr8 gcc/native/3.4.2.1002/avr8-gnu-toolchain/bin/../lib/gcc/avr/4.7.2/avrxmega2\libgcc.a(_muluhisi3.o)
                              c:/program files (x86)/atmel/atmel toolchain/avr8 gcc/native/3.4.2.1002/avr8-gnu-toolchain/bin/../lib/gcc/avr/4.7.2/avrxmega2\libgcc.a(_mulsi3.o) (__muluhisi3)
c:/program files (x86)/atmel/atmel toolchain/avr8 gcc/native/3.4.2.1002/avr8-gnu-toolchain/bin/../lib/gcc/avr/4.7.2/avrxmega2\libgcc.a(_prologue.o)
                              ..\libavrxmega2_32qm_8x_4y_krs_4rs.a(burst_qm_1.o) (__prologue_saves__)
c:/program files (x86)/atmel/atmel toolchain/avr8 gcc/native/3.4.2.1002/avr8-gnu-toolchain/bin/../lib/gcc/avr/4.7.2/avrxmega2\libgcc.a(_epilogue.o)
                              ..\libavrxmega2_32qm_8x_4y_krs_4rs.a(burst_qm_1.o) (__epilogue_restores__)
c:/program files (x86)/atmel/atmel toolchain/avr8 gcc/native/3.4.2.1002/avr8-gnu-toolchain/bin/../lib/gcc/avr/4.7.2/avrxmega2\libgcc.a(_umulhisi3.o)
                              c:/program files (x86)/atmel/atmel toolchain/avr8 gcc/native/3.4.2.1002/avr8-gnu-toolchain/bin/../lib/gcc/avr/4.7.2/avrxmega2\libgcc.a(_muluhisi3.o) (__umulhisi3)

Allocating common symbols
Common symbol       size              file

qt_config_data      0x7               ..\libavrxmega2_32qm_8x_4y_krs_4rs.a(touch_api.o)
qt_filter_callback  0x2               ..\libavrxmega2_32qm_8x_4y_krs_4rs.a(touch_api.o)
lib_siginfo         0x6               QDebug.o
RX_index            0x2               QDebugTransport.o
num_rotors_sliders  0x1               ..\libavrxmega2_32qm_8x_4y_krs_4rs.a(touch_rs_qm.o)
timestamp1_hword    0x2               main_xmega.o
reg_clya            0x1               ..\libavrxmega2_32qm_8x_4y_krs_4rs.a(touch_burst_qm.o)
old_isr_state       0x1               ..\libavrxmega2_32qm_8x_4y_krs_4rs.a(touch_burst_qm.o)
reg_flyab           0x1               ..\libavrxmega2_32qm_8x_4y_krs_4rs.a(touch_burst_qm.o)
timestamp3_lword    0x2               main_xmega.o
reg_clyb            0x1               ..\libavrxmega2_32qm_8x_4y_krs_4rs.a(touch_burst_qm.o)
qt_measure_data     0x88              ..\libavrxmega2_32qm_8x_4y_krs_4rs.a(touch_api.o)
timestamp3_hword    0x2               main_xmega.o
RX_Buffer           0x8a              QDebugTransport.o
qgRefschanged       0x1               QDebug.o
TX_Buffer           0x1               QDebugTransport.o
qgStateschanged     0x1               QDebug.o
dht_counter         0x1               ..\libavrxmega2_32qm_8x_4y_krs_4rs.a(touch_process.o)
timestamp1_lword    0x2               main_xmega.o
timestamp2_hword    0x2               main_xmega.o
reg_flyb            0x1               ..\libavrxmega2_32qm_8x_4y_krs_4rs.a(touch_burst_qm.o)
lib_status_flags    0x2               ..\libavrxmega2_32qm_8x_4y_krs_4rs.a(touch_api.o)
num_sensors         0x1               ..\libavrxmega2_32qm_8x_4y_krs_4rs.a(touch_process.o)
burst_mask          0x5               ..\libavrxmega2_32qm_8x_4y_krs_4rs.a(touch_burst_qm.o)
timestamp2_lword    0x2               main_xmega.o
reg_flya            0x1               ..\libavrxmega2_32qm_8x_4y_krs_4rs.a(touch_burst_qm.o)
sensors             0x100             ..\libavrxmega2_32qm_8x_4y_krs_4rs.a(touch_process.o)
TX_index            0x2               QDebugTransport.o

Discarded input sections

 .bss           0x00000000        0x0 c:/program files (x86)/atmel/atmel toolchain/avr8 gcc/native/3.4.2.1002/avr8-gnu-toolchain/bin/../lib/gcc/avr/4.7.2/../../../../avr/lib/avrxmega2/crtx16a4u.o
 .text          0x00000000        0x0 BitBangSPI_Master.o
 .bss           0x00000000        0x0 BitBangSPI_Master.o
 .text          0x00000000        0x0 eeprom_access.o
 .bss           0x00000000        0x0 eeprom_access.o
 .text          0x00000000        0x0 main_xmega.o
 .bss           0x00000000        0x0 main_xmega.o
 .data.pqt_measure_data
                0x00000000        0x2 main_xmega.o
 COMMON         0x00000000        0xc main_xmega.o
 .text          0x00000000        0x0 QDebug.o
 .bss           0x00000000        0x0 QDebug.o
 .text          0x00000000        0x0 QDebugTransport.o
 .bss           0x00000000        0x0 QDebugTransport.o
 .bss           0x00000000        0x0 qm_asm_xmega.o
 .bss           0x00000000        0x0 ..\libavrxmega2_32qm_8x_4y_krs_4rs.a(burst_qm_1.o)
 .bss           0x00000000        0x0 ..\libavrxmega2_32qm_8x_4y_krs_4rs.a(touch_burst_qm.o)
 .text          0x00000000        0x0 c:/program files (x86)/atmel/atmel toolchain/avr8 gcc/native/3.4.2.1002/avr8-gnu-toolchain/bin/../lib/gcc/avr/4.7.2/avrxmega2\libgcc.a(_mulsi3.o)
 .bss           0x00000000        0x0 c:/program files (x86)/atmel/atmel toolchain/avr8 gcc/native/3.4.2.1002/avr8-gnu-toolchain/bin/../lib/gcc/avr/4.7.2/avrxmega2\libgcc.a(_mulsi3.o)
 .text.libgcc.div
                0x00000000        0x0 c:/program files (x86)/atmel/atmel toolchain/avr8 gcc/native/3.4.2.1002/avr8-gnu-toolchain/bin/../lib/gcc/avr/4.7.2/avrxmega2\libgcc.a(_mulsi3.o)
 .text.libgcc   0x00000000        0x0 c:/program files (x86)/atmel/atmel toolchain/avr8 gcc/native/3.4.2.1002/avr8-gnu-toolchain/bin/../lib/gcc/avr/4.7.2/avrxmega2\libgcc.a(_mulsi3.o)
 .text.libgcc.prologue
                0x00000000        0x0 c:/program files (x86)/atmel/atmel toolchain/avr8 gcc/native/3.4.2.1002/avr8-gnu-toolchain/bin/../lib/gcc/avr/4.7.2/avrxmega2\libgcc.a(_mulsi3.o)
 .text.libgcc.builtins
                0x00000000        0x0 c:/program files (x86)/atmel/atmel toolchain/avr8 gcc/native/3.4.2.1002/avr8-gnu-toolchain/bin/../lib/gcc/avr/4.7.2/avrxmega2\libgcc.a(_mulsi3.o)
 .text.libgcc.fmul
                0x00000000        0x0 c:/program files (x86)/atmel/atmel toolchain/avr8 gcc/native/3.4.2.1002/avr8-gnu-toolchain/bin/../lib/gcc/avr/4.7.2/avrxmega2\libgcc.a(_mulsi3.o)
 .text          0x00000000        0x0 c:/program files (x86)/atmel/atmel toolchain/avr8 gcc/native/3.4.2.1002/avr8-gnu-toolchain/bin/../lib/gcc/avr/4.7.2/avrxmega2\libgcc.a(_exit.o)
 .bss           0x00000000        0x0 c:/program files (x86)/atmel/atmel toolchain/avr8 gcc/native/3.4.2.1002/avr8-gnu-toolchain/bin/../lib/gcc/avr/4.7.2/avrxmega2\libgcc.a(_exit.o)
 .text.libgcc.mul
                0x00000000        0x0 c:/program files (x86)/atmel/atmel toolchain/avr8 gcc/native/3.4.2.1002/avr8-gnu-toolchain/bin/../lib/gcc/avr/4.7.2/avrxmega2\libgcc.a(_exit.o)
 .text.libgcc.div
                0x00000000        0x0 c:/program files (x86)/atmel/atmel toolchain/avr8 gcc/native/3.4.2.1002/avr8-gnu-toolchain/bin/../lib/gcc/avr/4.7.2/avrxmega2\libgcc.a(_exit.o)
 .text.libgcc   0x00000000        0x0 c:/program files (x86)/atmel/atmel toolchain/avr8 gcc/native/3.4.2.1002/avr8-gnu-toolchain/bin/../lib/gcc/avr/4.7.2/avrxmega2\libgcc.a(_exit.o)
 .text.libgcc.prologue
                0x00000000        0x0 c:/program files (x86)/atmel/atmel toolchain/avr8 gcc/native/3.4.2.1002/avr8-gnu-toolchain/bin/../lib/gcc/avr/4.7.2/avrxmega2\libgcc.a(_exit.o)
 .text.libgcc.builtins
                0x00000000        0x0 c:/program files (x86)/atmel/atmel toolchain/avr8 gcc/native/3.4.2.1002/avr8-gnu-toolchain/bin/../lib/gcc/avr/4.7.2/avrxmega2\libgcc.a(_exit.o)
 .text.libgcc.fmul
                0x00000000        0x0 c:/program files (x86)/atmel/atmel toolchain/avr8 gcc/native/3.4.2.1002/avr8-gnu-toolchain/bin/../lib/gcc/avr/4.7.2/avrxmega2\libgcc.a(_exit.o)
 .text          0x00000000        0x0 c:/program files (x86)/atmel/atmel toolchain/avr8 gcc/native/3.4.2.1002/avr8-gnu-toolchain/bin/../lib/gcc/avr/4.7.2/avrxmega2\libgcc.a(_copy_data.o)
 .bss           0x00000000        0x0 c:/program files (x86)/atmel/atmel toolchain/avr8 gcc/native/3.4.2.1002/avr8-gnu-toolchain/bin/../lib/gcc/avr/4.7.2/avrxmega2\libgcc.a(_copy_data.o)
 .text.libgcc.mul
                0x00000000        0x0 c:/program files (x86)/atmel/atmel toolchain/avr8 gcc/native/3.4.2.1002/avr8-gnu-toolchain/bin/../lib/gcc/avr/4.7.2/avrxmega2\libgcc.a(_copy_data.o)
 .text.libgcc.div
                0x00000000        0x0 c:/program files (x86)/atmel/atmel toolchain/avr8 gcc/native/3.4.2.1002/avr8-gnu-toolchain/bin/../lib/gcc/avr/4.7.2/avrxmega2\libgcc.a(_copy_data.o)
 .text.libgcc   0x00000000        0x0 c:/program files (x86)/atmel/atmel toolchain/avr8 gcc/native/3.4.2.1002/avr8-gnu-toolchain/bin/../lib/gcc/avr/4.7.2/avrxmega2\libgcc.a(_copy_data.o)
 .text.libgcc.prologue
                0x00000000        0x0 c:/program files (x86)/atmel/atmel toolchain/avr8 gcc/native/3.4.2.1002/avr8-gnu-toolchain/bin/../lib/gcc/avr/4.7.2/avrxmega2\libgcc.a(_copy_data.o)
 .text.libgcc.builtins
                0x00000000        0x0 c:/program files (x86)/atmel/atmel toolchain/avr8 gcc/native/3.4.2.1002/avr8-gnu-toolchain/bin/../lib/gcc/avr/4.7.2/avrxmega2\libgcc.a(_copy_data.o)
 .text.libgcc.fmul
                0x00000000        0x0 c:/program files (x86)/atmel/atmel toolchain/avr8 gcc/native/3.4.2.1002/avr8-gnu-toolchain/bin/../lib/gcc/avr/4.7.2/avrxmega2\libgcc.a(_copy_data.o)
 .text          0x00000000        0x0 c:/program files (x86)/atmel/atmel toolchain/avr8 gcc/native/3.4.2.1002/avr8-gnu-toolchain/bin/../lib/gcc/avr/4.7.2/avrxmega2\libgcc.a(_clear_bss.o)
 .bss           0x00000000        0x0 c:/program files (x86)/atmel/atmel toolchain/avr8 gcc/native/3.4.2.1002/avr8-gnu-toolchain/bin/../lib/gcc/avr/4.7.2/avrxmega2\libgcc.a(_clear_bss.o)
 .text.libgcc.mul
                0x00000000        0x0 c:/program files (x86)/atmel/atmel toolchain/avr8 gcc/native/3.4.2.1002/avr8-gnu-toolchain/bin/../lib/gcc/avr/4.7.2/avrxmega2\libgcc.a(_clear_bss.o)
 .text.libgcc.div
                0x00000000        0x0 c:/program files (x86)/atmel/atmel toolchain/avr8 gcc/native/3.4.2.1002/avr8-gnu-toolchain/bin/../lib/gcc/avr/4.7.2/avrxmega2\libgcc.a(_clear_bss.o)
 .text.libgcc   0x00000000        0x0 c:/program files (x86)/atmel/atmel toolchain/avr8 gcc/native/3.4.2.1002/avr8-gnu-toolchain/bin/../lib/gcc/avr/4.7.2/avrxmega2\libgcc.a(_clear_bss.o)
 .text.libgcc.prologue
                0x00000000        0x0 c:/program files (x86)/atmel/atmel toolchain/avr8 gcc/native/3.4.2.1002/avr8-gnu-toolchain/bin/../lib/gcc/avr/4.7.2/avrxmega2\libgcc.a(_clear_bss.o)
 .text.libgcc.builtins
                0x00000000        0x0 c:/program files (x86)/atmel/atmel toolchain/avr8 gcc/native/3.4.2.1002/avr8-gnu-toolchain/bin/../lib/gcc/avr/4.7.2/avrxmega2\libgcc.a(_clear_bss.o)
 .text.libgcc.fmul
                0x00000000        0x0 c:/program files (x86)/atmel/atmel toolchain/avr8 gcc/native/3.4.2.1002/avr8-gnu-toolchain/bin/../lib/gcc/avr/4.7.2/avrxmega2\libgcc.a(_clear_bss.o)
 .text          0x00000000        0x0 c:/program files (x86)/atmel/atmel toolchain/avr8 gcc/native/3.4.2.1002/avr8-gnu-toolchain/bin/../lib/gcc/avr/4.7.2/avrxmega2\libgcc.a(_muluhisi3.o)
 .bss           0x00000000        0x0 c:/program files (x86)/atmel/atmel toolchain/avr8 gcc/native/3.4.2.1002/avr8-gnu-toolchain/bin/../lib/gcc/avr/4.7.2/avrxmega2\libgcc.a(_muluhisi3.o)
 .text.libgcc.div
                0x00000000        0x0 c:/program files (x86)/atmel/atmel toolchain/avr8 gcc/native/3.4.2.1002/avr8-gnu-toolchain/bin/../lib/gcc/avr/4.7.2/avrxmega2\libgcc.a(_muluhisi3.o)
 .text.libgcc   0x00000000        0x0 c:/program files (x86)/atmel/atmel toolchain/avr8 gcc/native/3.4.2.1002/avr8-gnu-toolchain/bin/../lib/gcc/avr/4.7.2/avrxmega2\libgcc.a(_muluhisi3.o)
 .text.libgcc.prologue
                0x00000000        0x0 c:/program files (x86)/atmel/atmel toolchain/avr8 gcc/native/3.4.2.1002/avr8-gnu-toolchain/bin/../lib/gcc/avr/4.7.2/avrxmega2\libgcc.a(_muluhisi3.o)
 .text.libgcc.builtins
                0x00000000        0x0 c:/program files (x86)/atmel/atmel toolchain/avr8 gcc/native/3.4.2.1002/avr8-gnu-toolchain/bin/../lib/gcc/avr/4.7.2/avrxmega2\libgcc.a(_muluhisi3.o)
 .text.libgcc.fmul
                0x00000000        0x0 c:/program files (x86)/atmel/atmel toolchain/avr8 gcc/native/3.4.2.1002/avr8-gnu-toolchain/bin/../lib/gcc/avr/4.7.2/avrxmega2\libgcc.a(_muluhisi3.o)
 .text          0x00000000        0x0 c:/program files (x86)/atmel/atmel toolchain/avr8 gcc/native/3.4.2.1002/avr8-gnu-toolchain/bin/../lib/gcc/avr/4.7.2/avrxmega2\libgcc.a(_prologue.o)
 .bss           0x00000000        0x0 c:/program files (x86)/atmel/atmel toolchain/avr8 gcc/native/3.4.2.1002/avr8-gnu-toolchain/bin/../lib/gcc/avr/4.7.2/avrxmega2\libgcc.a(_prologue.o)
 .text.libgcc.mul
                0x00000000        0x0 c:/program files (x86)/atmel/atmel toolchain/avr8 gcc/native/3.4.2.1002/avr8-gnu-toolchain/bin/../lib/gcc/avr/4.7.2/avrxmega2\libgcc.a(_prologue.o)
 .text.libgcc.div
                0x00000000        0x0 c:/program files (x86)/atmel/atmel toolchain/avr8 gcc/native/3.4.2.1002/avr8-gnu-toolchain/bin/../lib/gcc/avr/4.7.2/avrxmega2\libgcc.a(_prologue.o)
 .text.libgcc   0x00000000        0x0 c:/program files (x86)/atmel/atmel toolchain/avr8 gcc/native/3.4.2.1002/avr8-gnu-toolchain/bin/../lib/gcc/avr/4.7.2/avrxmega2\libgcc.a(_prologue.o)
 .text.libgcc.builtins
                0x00000000        0x0 c:/program files (x86)/atmel/atmel toolchain/avr8 gcc/native/3.4.2.1002/avr8-gnu-toolchain/bin/../lib/gcc/avr/4.7.2/avrxmega2\libgcc.a(_prologue.o)
 .text.libgcc.fmul
                0x00000000        0x0 c:/program files (x86)/atmel/atmel toolchain/avr8 gcc/native/3.4.2.1002/avr8-gnu-toolchain/bin/../lib/gcc/avr/4.7.2/avrxmega2\libgcc.a(_prologue.o)
 .text          0x00000000        0x0 c:/program files (x86)/atmel/atmel toolchain/avr8 gcc/native/3.4.2.1002/avr8-gnu-toolchain/bin/../lib/gcc/avr/4.7.2/avrxmega2\libgcc.a(_epilogue.o)
 .bss           0x00000000        0x0 c:/program files (x86)/atmel/atmel toolchain/avr8 gcc/native/3.4.2.1002/avr8-gnu-toolchain/bin/../lib/gcc/avr/4.7.2/avrxmega2\libgcc.a(_epilogue.o)
 .text.libgcc.mul
                0x00000000        0x0 c:/program files (x86)/atmel/atmel toolchain/avr8 gcc/native/3.4.2.1002/avr8-gnu-toolchain/bin/../lib/gcc/avr/4.7.2/avrxmega2\libgcc.a(_epilogue.o)
 .text.libgcc.div
                0x00000000        0x0 c:/program files (x86)/atmel/atmel toolchain/avr8 gcc/native/3.4.2.1002/avr8-gnu-toolchain/bin/../lib/gcc/avr/4.7.2/avrxmega2\libgcc.a(_epilogue.o)
 .text.libgcc   0x00000000        0x0 c:/program files (x86)/atmel/atmel toolchain/avr8 gcc/native/3.4.2.1002/avr8-gnu-toolchain/bin/../lib/gcc/avr/4.7.2/avrxmega2\libgcc.a(_epilogue.o)
 .text.libgcc.builtins
                0x00000000        0x0 c:/program files (x86)/atmel/atmel toolchain/avr8 gcc/native/3.4.2.1002/avr8-gnu-toolchain/bin/../lib/gcc/avr/4.7.2/avrxmega2\libgcc.a(_epilogue.o)
 .text.libgcc.fmul
                0x00000000        0x0 c:/program files (x86)/atmel/atmel toolchain/avr8 gcc/native/3.4.2.1002/avr8-gnu-toolchain/bin/../lib/gcc/avr/4.7.2/avrxmega2\libgcc.a(_epilogue.o)
 .text          0x00000000        0x0 c:/program files (x86)/atmel/atmel toolchain/avr8 gcc/native/3.4.2.1002/avr8-gnu-toolchain/bin/../lib/gcc/avr/4.7.2/avrxmega2\libgcc.a(_umulhisi3.o)
 .bss           0x00000000        0x0 c:/program files (x86)/atmel/atmel toolchain/avr8 gcc/native/3.4.2.1002/avr8-gnu-toolchain/bin/../lib/gcc/avr/4.7.2/avrxmega2\libgcc.a(_umulhisi3.o)
 .text.libgcc.div
                0x00000000        0x0 c:/program files (x86)/atmel/atmel toolchain/avr8 gcc/native/3.4.2.1002/avr8-gnu-toolchain/bin/../lib/gcc/avr/4.7.2/avrxmega2\libgcc.a(_umulhisi3.o)
 .text.libgcc   0x00000000        0x0 c:/program files (x86)/atmel/atmel toolchain/avr8 gcc/native/3.4.2.1002/avr8-gnu-toolchain/bin/../lib/gcc/avr/4.7.2/avrxmega2\libgcc.a(_umulhisi3.o)
 .text.libgcc.prologue
                0x00000000        0x0 c:/program files (x86)/atmel/atmel toolchain/avr8 gcc/native/3.4.2.1002/avr8-gnu-toolchain/bin/../lib/gcc/avr/4.7.2/avrxmega2\libgcc.a(_umulhisi3.o)
 .text.libgcc.builtins
                0x00000000        0x0 c:/program files (x86)/atmel/atmel toolchain/avr8 gcc/native/3.4.2.1002/avr8-gnu-toolchain/bin/../lib/gcc/avr/4.7.2/avrxmega2\libgcc.a(_umulhisi3.o)
 .text.libgcc.fmul
                0x00000000        0x0 c:/program files (x86)/atmel/atmel toolchain/avr8 gcc/native/3.4.2.1002/avr8-gnu-toolchain/bin/../lib/gcc/avr/4.7.2/avrxmega2\libgcc.a(_umulhisi3.o)

Memory Configuration

Name             Origin             Length             Attributes
text             0x00000000         0x00100000         xr
data             0x00802000         0x0000ffa0         rw !x
eeprom           0x00810000         0x00010000         rw !x
fuse             0x00820000         0x00000400         rw !x
lock             0x00830000         0x00000400         rw !x
signature        0x00840000         0x00000400         rw !x
user_signatures  0x00850000         0x00000400         rw !x
*default*        0x00000000         0xffffffff

Linker script and memory map

LOAD c:/program files (x86)/atmel/atmel toolchain/avr8 gcc/native/3.4.2.1002/avr8-gnu-toolchain/bin/../lib/gcc/avr/4.7.2/../../../../avr/lib/avrxmega2/crtx16a4u.o
LOAD BitBangSPI_Master.o
LOAD eeprom_access.o
LOAD main_xmega.o
LOAD QDebug.o
LOAD QDebugTransport.o
LOAD qm_asm_xmega.o
START GROUP
LOAD c:/program files (x86)/atmel/atmel toolchain/avr8 gcc/native/3.4.2.1002/avr8-gnu-toolchain/bin/../lib/gcc/avr/4.7.2/../../../../avr/lib/avrxmega2\libm.a
LOAD ..\libavrxmega2_32qm_8x_4y_krs_4rs.a
END GROUP
LOAD c:/program files (x86)/atmel/atmel toolchain/avr8 gcc/native/3.4.2.1002/avr8-gnu-toolchain/bin/../lib/gcc/avr/4.7.2/avrxmega2\libgcc.a
LOAD c:/program files (x86)/atmel/atmel toolchain/avr8 gcc/native/3.4.2.1002/avr8-gnu-toolchain/bin/../lib/gcc/avr/4.7.2/../../../../avr/lib/avrxmega2\libc.a
LOAD c:/program files (x86)/atmel/atmel toolchain/avr8 gcc/native/3.4.2.1002/avr8-gnu-toolchain/bin/../lib/gcc/avr/4.7.2/avrxmega2\libgcc.a

.hash
 *(.hash)

.dynsym
 *(.dynsym)

.dynstr
 *(.dynstr)

.gnu.version
 *(.gnu.version)

.gnu.version_d
 *(.gnu.version_d)

.gnu.version_r
 *(.gnu.version_r)

.rel.init
 *(.rel.init)

.rela.init
 *(.rela.init)

.rel.text
 *(.rel.text)
 *(.rel.text.*)
 *(.rel.gnu.linkonce.t*)

.rela.text
 *(.rela.text)
 *(.rela.text.*)
 *(.rela.gnu.linkonce.t*)

.rel.fini
 *(.rel.fini)

.rela.fini
 *(.rela.fini)

.rel.rodata
 *(.rel.rodata)
 *(.rel.rodata.*)
 *(.rel.gnu.linkonce.r*)

.rela.rodata
 *(.rela.rodata)
 *(.rela.rodata.*)
 *(.rela.gnu.linkonce.r*)

.rel.data
 *(.rel.data)
 *(.rel.data.*)
 *(.rel.gnu.linkonce.d*)

.rela.data
 *(.rela.data)
 *(.rela.data.*)
 *(.rela.gnu.linkonce.d*)

.rel.ctors
 *(.rel.ctors)

.rela.ctors
 *(.rela.ctors)

.rel.dtors
 *(.rel.dtors)

.rela.dtors
 *(.rela.dtors)

.rel.got
 *(.rel.got)

.rela.got
 *(.rela.got)

.rel.bss
 *(.rel.bss)

.rela.bss
 *(.rela.bss)

.rel.plt
 *(.rel.plt)

.rela.plt
 *(.rela.plt)

.text           0x00000000     0x223a
 *(.vectors)
 .vectors       0x00000000      0x1fc c:/program files (x86)/atmel/atmel toolchain/avr8 gcc/native/3.4.2.1002/avr8-gnu-toolchain/bin/../lib/gcc/avr/4.7.2/../../../../avr/lib/avrxmega2/crtx16a4u.o
                0x00000000                __vector_default
                0x00000000                __vectors
 *(.vectors)
 *(.progmem.gcc*)
 *(.progmem*)
                0x000001fc                . = ALIGN (0x2)
                0x000001fc                __trampolines_start = .
 *(.trampolines)
 .trampolines   0x000001fc        0x0 linker stubs
 *(.trampolines*)
                0x000001fc                __trampolines_end = .
 *(.jumptables)
 *(.jumptables*)
 *(.lowtext)
 *(.lowtext*)
                0x000001fc                __ctors_start = .
 *(.ctors)
                0x000001fc                __ctors_end = .
                0x000001fc                __dtors_start = .
 *(.dtors)
                0x000001fc                __dtors_end = .
 SORT(*)(.ctors)
 SORT(*)(.dtors)
 *(.init0)
 .init0         0x000001fc        0x0 c:/program files (x86)/atmel/atmel toolchain/avr8 gcc/native/3.4.2.1002/avr8-gnu-toolchain/bin/../lib/gcc/avr/4.7.2/../../../../avr/lib/avrxmega2/crtx16a4u.o
                0x000001fc                __init
 *(.init0)
 *(.init1)
 *(.init1)
 *(.init2)
 .init2         0x000001fc        0xc c:/program files (x86)/atmel/atmel toolchain/avr8 gcc/native/3.4.2.1002/avr8-gnu-toolchain/bin/../lib/gcc/avr/4.7.2/../../../../avr/lib/avrxmega2/crtx16a4u.o
 *(.init2)
 *(.init3)
 *(.init3)
 *(.init4)
 .init4         0x00000208       0x16 c:/program files (x86)/atmel/atmel toolchain/avr8 gcc/native/3.4.2.1002/avr8-gnu-toolchain/bin/../lib/gcc/avr/4.7.2/avrxmega2\libgcc.a(_copy_data.o)
                0x00000208                __do_copy_data
 .init4         0x0000021e       0x10 c:/program files (x86)/atmel/atmel toolchain/avr8 gcc/native/3.4.2.1002/avr8-gnu-toolchain/bin/../lib/gcc/avr/4.7.2/avrxmega2\libgcc.a(_clear_bss.o)
                0x0000021e                __do_clear_bss
 *(.init4)
 *(.init5)
 *(.init5)
 *(.init6)
 *(.init6)
 *(.init7)
 *(.init7)
 *(.init8)
 *(.init8)
 *(.init9)
 .init9         0x0000022e        0x8 c:/program files (x86)/atmel/atmel toolchain/avr8 gcc/native/3.4.2.1002/avr8-gnu-toolchain/bin/../lib/gcc/avr/4.7.2/../../../../avr/lib/avrxmega2/crtx16a4u.o
 *(.init9)
 *(.text)
 .text          0x00000236        0x4 c:/program files (x86)/atmel/atmel toolchain/avr8 gcc/native/3.4.2.1002/avr8-gnu-toolchain/bin/../lib/gcc/avr/4.7.2/../../../../avr/lib/avrxmega2/crtx16a4u.o
                0x00000236                __vector_38
                0x00000236                __vector_104
                0x00000236                __vector_22
                0x00000236                __vector_63
                0x00000236                __vector_28
                0x00000236                __vector_67
                0x00000236                __vector_1
                0x00000236                __vector_119
                0x00000236                __vector_32
                0x00000236                __vector_75
                0x00000236                __vector_71
                0x00000236                __vector_91
                0x00000236                __vector_34
                0x00000236                __vector_62
                0x00000236                __vector_77
                0x00000236                __vector_102
                0x00000236                __vector_24
                0x00000236                __vector_12
                0x00000236                __vector_55
                0x00000236                __vector_69
                0x00000236                __vector_81
                0x00000236                __vector_90
                0x00000236                __vector_46
                0x00000236                __bad_interrupt
                0x00000236                __vector_122
                0x00000236                __vector_72
                0x00000236                __vector_114
                0x00000236                __vector_6
                0x00000236                __vector_110
                0x00000236                __vector_31
                0x00000236                __vector_92
                0x00000236                __vector_35
                0x00000236                __vector_78
                0x00000236                __vector_74
                0x00000236                __vector_117
                0x00000236                __vector_39
                0x00000236                __vector_107
                0x00000236                __vector_3
                0x00000236                __vector_105
                0x00000236                __vector_98
                0x00000236                __vector_23
                0x00000236                __vector_68
                0x00000236                __vector_30
                0x00000236                __vector_73
                0x00000236                __vector_45
                0x00000236                __vector_25
                0x00000236                __vector_93
                0x00000236                __vector_61
                0x00000236                __vector_11
                0x00000236                __vector_54
                0x00000236                __vector_99
                0x00000236                __vector_13
                0x00000236                __vector_17
                0x00000236                __vector_19
                0x00000236                __vector_56
                0x00000236                __vector_7
                0x00000236                __vector_125
                0x00000236                __vector_49
                0x00000236                __vector_123
                0x00000236                __vector_41
                0x00000236                __vector_86
                0x00000236                __vector_100
                0x00000236                __vector_101
                0x00000236                __vector_64
                0x00000236                __vector_88
                0x00000236                __vector_109
                0x00000236                __vector_43
                0x00000236                __vector_27
                0x00000236                __vector_5
                0x00000236                __vector_113
                0x00000236                __vector_33
                0x00000236                __vector_76
                0x00000236                __vector_115
                0x00000236                __vector_47
                0x00000236                __vector_52
                0x00000236                __vector_37
                0x00000236                __vector_95
                0x00000236                __vector_103
                0x00000236                __vector_96
                0x00000236                __vector_89
                0x00000236                __vector_108
                0x00000236                __vector_4
                0x00000236                __vector_44
                0x00000236                __vector_82
                0x00000236                __vector_106
                0x00000236                __vector_118
                0x00000236                __vector_51
                0x00000236                __vector_9
                0x00000236                __vector_2
                0x00000236                __vector_21
                0x00000236                __vector_15
                0x00000236                __vector_66
                0x00000236                __vector_36
                0x00000236                __vector_79
                0x00000236                __vector_58
                0x00000236                __vector_70
                0x00000236                __vector_83
                0x00000236                __vector_29
                0x00000236                __vector_60
                0x00000236                __vector_121
                0x00000236                __vector_40
                0x00000236                __vector_85
                0x00000236                __vector_94
                0x00000236                __vector_126
                0x00000236                __vector_8
                0x00000236                __vector_26
                0x00000236                __vector_48
                0x00000236                __vector_124
                0x00000236                __vector_116
                0x00000236                __vector_112
                0x00000236                __vector_111
                0x00000236                __vector_80
                0x00000236                __vector_14
                0x00000236                __vector_84
                0x00000236                __vector_57
                0x00000236                __vector_53
                0x00000236                __vector_10
                0x00000236                __vector_50
                0x00000236                __vector_59
                0x00000236                __vector_18
                0x00000236                __vector_97
                0x00000236                __vector_20
                0x00000236                __vector_42
                0x00000236                __vector_87
                0x00000236                __vector_65
                0x00000236                __vector_120
 .text          0x0000023a       0xd2 qm_asm_xmega.o
                0x0000023a                _00110000001_
                0x00000266                _00110000100_
                0x000002b4                _00110000010_
                0x000002e2                _00110000011_
                0x000002f2                _00110000110_
 .text          0x0000030c      0x14e ..\libavrxmega2_32qm_8x_4y_krs_4rs.a(burst_qm_1.o)
                0x0000030c                burst_qm_1
 .text          0x0000045a      0x27a ..\libavrxmega2_32qm_8x_4y_krs_4rs.a(touch_api.o)
                0x0000045a                qt_init_sensing_with_burst
                0x00000480                qt_get_library_sig
                0x0000049c                qt_calibrate_sensing
                0x000004b6                qt_reset_sensing
                0x000004f2                qt_measure_sensors
                0x000005f2                qt_enable_key
                0x00000624                qt_get_sensor_delta
 .text          0x000006d4      0x576 ..\libavrxmega2_32qm_8x_4y_krs_4rs.a(touch_process.o)
                0x0000071a                start_cal_sensor
                0x00000740                process_sensor
                0x00000c1e                get_channel_delta
 .text          0x00000c4a      0x232 ..\libavrxmega2_32qm_8x_4y_krs_4rs.a(touch_burst_qm.o)
                0x00000d3e                burst_init
                0x00000d7e                burst_reset
                0x00000d8e                burst
 .text          0x00000e7c      0x58a ..\libavrxmega2_32qm_8x_4y_krs_4rs.a(touch_rs_qm.o)
                0x00001156                qt_enable_rotor
                0x00001192                qt_enable_slider
                0x000011cc                calc_rotor_slider_sensor_delta
                0x0000122a                calc_rotor_slider_value
                0x000013ba                rotor_slider_enter_detect
                0x00001406                . = ALIGN (0x2)
 *(.text.*)
 .text.BitBangSPI_Master_Init
                0x00001406       0x26 BitBangSPI_Master.o
                0x00001406                BitBangSPI_Master_Init
 .text.BitBangSPI_Send_Byte
                0x0000142c       0x54 BitBangSPI_Master.o
                0x0000142c                BitBangSPI_Send_Byte
 .text.BitBangSPI_Send_Message
                0x00001480       0x4a BitBangSPI_Master.o
                0x00001480                BitBangSPI_Send_Message
 .text.eeprom_write
                0x000014ca       0x76 eeprom_access.o
 .text.eeprom_read
                0x00001540       0x42 eeprom_access.o
 .text.read_info_from_eeprom
                0x00001582       0x2a eeprom_access.o
                0x00001582                read_info_from_eeprom
 .text.write_info_to_eeprom
                0x000015ac       0x1c eeprom_access.o
                0x000015ac                write_info_to_eeprom
 .text.write_global_settings_to_eeprom
                0x000015c8       0x56 eeprom_access.o
                0x000015c8                write_global_settings_to_eeprom
 .text.write_sensor_settings_to_eeprom
                0x0000161e       0x64 eeprom_access.o
                0x0000161e                write_sensor_settings_to_eeprom
 .text.write_burst_lenghts_to_eeprom
                0x00001682       0x4a eeprom_access.o
                0x00001682                write_burst_lenghts_to_eeprom
 .text.read_settings_from_eeprom
                0x000016cc       0xe8 eeprom_access.o
                0x000016cc                read_settings_from_eeprom
 .text.set_timer_period
                0x000017b4       0x1e main_xmega.o
                0x000017b4                set_timer_period
 .text.CCPWrite
                0x000017d2       0x10 main_xmega.o
                0x000017d2                CCPWrite
 .text.main     0x000017e2      0x206 main_xmega.o
                0x000017e2                main
 .text.__vector_16
                0x000019e8       0x46 main_xmega.o
                0x000019e8                __vector_16
 .text.Msg_Start_Routine
                0x00001a2e       0x3a QDebug.o
 .text.Msg_End_Routine
                0x00001a68        0xa QDebug.o
 .text.QDebug_Init
                0x00001a72       0x3c QDebug.o
                0x00001a72                QDebug_Init
 .text.QDebug_SetSubscriptions
                0x00001aae       0x1a QDebug.o
                0x00001aae                QDebug_SetSubscriptions
 .text.Set_Subscriptions
                0x00001ac8       0x52 QDebug.o
                0x00001ac8                Set_Subscriptions
 .text.Set_Global_Config
                0x00001b1a       0x68 QDebug.o
                0x00001b1a                Set_Global_Config
 .text.Set_Channel_Config
                0x00001b82       0x3a QDebug.o
                0x00001b82                Set_Channel_Config
 .text.Set_QM_Burst_Lengths
                0x00001bbc       0x2a QDebug.o
                0x00001bbc                Set_QM_Burst_Lengths
 .text.Set_QT_User_Data
                0x00001be6       0x38 QDebug.o
                0x00001be6                Set_QT_User_Data
 .text.QDebug_ProcessCommands
                0x00001c1e       0x54 QDebug.o
                0x00001c1e                QDebug_ProcessCommands
 .text.Transmit_Dummy
                0x00001c72       0x14 QDebug.o
                0x00001c72                Transmit_Dummy
 .text.Transmit_Sign_On
                0x00001c86       0x5c QDebug.o
                0x00001c86                Transmit_Sign_On
 .text.Transmit_Global_Config
                0x00001ce2       0x66 QDebug.o
                0x00001ce2                Transmit_Global_Config
 .text.Transmit_Sensor_Config
                0x00001d48       0x72 QDebug.o
                0x00001d48                Transmit_Sensor_Config
 .text.Transmit_Signals
                0x00001dba       0x54 QDebug.o
                0x00001dba                Transmit_Signals
 .text.Transmit_Ref
                0x00001e0e       0x54 QDebug.o
                0x00001e0e                Transmit_Ref
 .text.Transmit_Delta
                0x00001e62       0x4c QDebug.o
                0x00001e62                Transmit_Delta
 .text.Transmit_State
                0x00001eae       0x58 QDebug.o
                0x00001eae                Transmit_State
 .text.Transmit_Burst_Lengths
                0x00001f06       0x38 QDebug.o
                0x00001f06                Transmit_Burst_Lengths
 .text.QDebug_SendData
                0x00001f3e       0xf8 QDebug.o
                0x00001f3e                QDebug_SendData
 .text.Init_Buffers
                0x00002036       0x22 QDebugTransport.o
                0x00002036                Init_Buffers
 .text.PutChar  0x00002058       0x14 QDebugTransport.o
                0x00002058                PutChar
 .text.PutInt   0x0000206c       0x14 QDebugTransport.o
                0x0000206c                PutInt
 .text.GetChar  0x00002080       0x1e QDebugTransport.o
                0x00002080                GetChar
 .text.Receive_Message
                0x0000209e       0x1c QDebugTransport.o
                0x0000209e                Receive_Message
 .text.RxHandler
                0x000020ba       0xcc QDebugTransport.o
                0x000020ba                RxHandler
 .text.libgcc.mul
                0x00002186       0x20 c:/program files (x86)/atmel/atmel toolchain/avr8 gcc/native/3.4.2.1002/avr8-gnu-toolchain/bin/../lib/gcc/avr/4.7.2/avrxmega2\libgcc.a(_mulsi3.o)
                0x00002186                __mulsi3
 .text.libgcc.mul
                0x000021a6       0x16 c:/program files (x86)/atmel/atmel toolchain/avr8 gcc/native/3.4.2.1002/avr8-gnu-toolchain/bin/../lib/gcc/avr/4.7.2/avrxmega2\libgcc.a(_muluhisi3.o)
                0x000021a6                __muluhisi3
 .text.libgcc.prologue
                0x000021bc       0x32 c:/program files (x86)/atmel/atmel toolchain/avr8 gcc/native/3.4.2.1002/avr8-gnu-toolchain/bin/../lib/gcc/avr/4.7.2/avrxmega2\libgcc.a(_prologue.o)
                0x000021bc                __prologue_saves__
 .text.libgcc.prologue
                0x000021ee       0x30 c:/program files (x86)/atmel/atmel toolchain/avr8 gcc/native/3.4.2.1002/avr8-gnu-toolchain/bin/../lib/gcc/avr/4.7.2/avrxmega2\libgcc.a(_epilogue.o)
                0x000021ee                __epilogue_restores__
 .text.libgcc.mul
                0x0000221e       0x18 c:/program files (x86)/atmel/atmel toolchain/avr8 gcc/native/3.4.2.1002/avr8-gnu-toolchain/bin/../lib/gcc/avr/4.7.2/avrxmega2\libgcc.a(_umulhisi3.o)
                0x0000221e                __umulhisi3
                0x00002236                . = ALIGN (0x2)
 *(.fini9)
 .fini9         0x00002236        0x0 c:/program files (x86)/atmel/atmel toolchain/avr8 gcc/native/3.4.2.1002/avr8-gnu-toolchain/bin/../lib/gcc/avr/4.7.2/avrxmega2\libgcc.a(_exit.o)
                0x00002236                _exit
                0x00002236                exit
 *(.fini9)
 *(.fini8)
 *(.fini8)
 *(.fini7)
 *(.fini7)
 *(.fini6)
 *(.fini6)
 *(.fini5)
 *(.fini5)
 *(.fini4)
 *(.fini4)
 *(.fini3)
 *(.fini3)
 *(.fini2)
 *(.fini2)
 *(.fini1)
 *(.fini1)
 *(.fini0)
 .fini0         0x00002236        0x4 c:/program files (x86)/atmel/atmel toolchain/avr8 gcc/native/3.4.2.1002/avr8-gnu-toolchain/bin/../lib/gcc/avr/4.7.2/avrxmega2\libgcc.a(_exit.o)
 *(.fini0)
                0x0000223a                _etext = .

.data           0x00802000       0x54 load address 0x0000223a
                0x00802000                PROVIDE (__data_start, .)
 *(.data)
 .data          0x00802000        0x0 c:/program files (x86)/atmel/atmel toolchain/avr8 gcc/native/3.4.2.1002/avr8-gnu-toolchain/bin/../lib/gcc/avr/4.7.2/../../../../avr/lib/avrxmega2/crtx16a4u.o
 .data          0x00802000        0x0 BitBangSPI_Master.o
 .data          0x00802000        0x0 eeprom_access.o
 .data          0x00802000        0x0 main_xmega.o
 .data          0x00802000        0x0 QDebug.o
 .data          0x00802000        0x0 QDebugTransport.o
 .data          0x00802000        0x0 qm_asm_xmega.o
 .data          0x00802000        0x0 ..\libavrxmega2_32qm_8x_4y_krs_4rs.a(burst_qm_1.o)
 .data          0x00802000        0x1 ..\libavrxmega2_32qm_8x_4y_krs_4rs.a(touch_api.o)
                0x00802000                freq_shift
 .data          0x00802001        0x0 ..\libavrxmega2_32qm_8x_4y_krs_4rs.a(touch_process.o)
 .data          0x00802001       0x20 ..\libavrxmega2_32qm_8x_4y_krs_4rs.a(touch_burst_qm.o)
                0x00802001                qt_burst_lengths
 .data          0x00802021        0x0 ..\libavrxmega2_32qm_8x_4y_krs_4rs.a(touch_rs_qm.o)
 .data          0x00802021        0x0 c:/program files (x86)/atmel/atmel toolchain/avr8 gcc/native/3.4.2.1002/avr8-gnu-toolchain/bin/../lib/gcc/avr/4.7.2/avrxmega2\libgcc.a(_mulsi3.o)
 .data          0x00802021        0x0 c:/program files (x86)/atmel/atmel toolchain/avr8 gcc/native/3.4.2.1002/avr8-gnu-toolchain/bin/../lib/gcc/avr/4.7.2/avrxmega2\libgcc.a(_exit.o)
 .data          0x00802021        0x0 c:/program files (x86)/atmel/atmel toolchain/avr8 gcc/native/3.4.2.1002/avr8-gnu-toolchain/bin/../lib/gcc/avr/4.7.2/avrxmega2\libgcc.a(_copy_data.o)
 .data          0x00802021        0x0 c:/program files (x86)/atmel/atmel toolchain/avr8 gcc/native/3.4.2.1002/avr8-gnu-toolchain/bin/../lib/gcc/avr/4.7.2/avrxmega2\libgcc.a(_clear_bss.o)
 .data          0x00802021        0x0 c:/program files (x86)/atmel/atmel toolchain/avr8 gcc/native/3.4.2.1002/avr8-gnu-toolchain/bin/../lib/gcc/avr/4.7.2/avrxmega2\libgcc.a(_muluhisi3.o)
 .data          0x00802021        0x0 c:/program files (x86)/atmel/atmel toolchain/avr8 gcc/native/3.4.2.1002/avr8-gnu-toolchain/bin/../lib/gcc/avr/4.7.2/avrxmega2\libgcc.a(_prologue.o)
 .data          0x00802021        0x0 c:/program files (x86)/atmel/atmel toolchain/avr8 gcc/native/3.4.2.1002/avr8-gnu-toolchain/bin/../lib/gcc/avr/4.7.2/avrxmega2\libgcc.a(_epilogue.o)
 .data          0x00802021        0x0 c:/program files (x86)/atmel/atmel toolchain/avr8 gcc/native/3.4.2.1002/avr8-gnu-toolchain/bin/../lib/gcc/avr/4.7.2/avrxmega2\libgcc.a(_umulhisi3.o)
 *(.data*)
 .data.yb_line_info
                0x00802021        0x8 main_xmega.o
                0x00802021                yb_line_info
 .data.ya_line_info
                0x00802029        0x8 main_xmega.o
                0x00802029                ya_line_info
 .data.x_line_info
                0x00802031       0x20 main_xmega.o
                0x00802031                x_line_info
 .data.qt_measurement_period_msec
                0x00802051        0x2 main_xmega.o
                0x00802051                qt_measurement_period_msec
 *(.rodata)
 *(.rodata*)
 *(.gnu.linkonce.d*)
                0x00802054                . = ALIGN (0x2)
 *fill*         0x00802053        0x1 
                0x00802054                _edata = .
                0x00802054                PROVIDE (__data_end, .)

.bss            0x00802054      0x2a3
                0x00802054                PROVIDE (__bss_start, .)
 *(.bss)
 .bss           0x00802054        0x6 ..\libavrxmega2_32qm_8x_4y_krs_4rs.a(touch_api.o)
                0x00802054                burst_proc_qm
 .bss           0x0080205a       0x20 ..\libavrxmega2_32qm_8x_4y_krs_4rs.a(touch_process.o)
 .bss           0x0080207a       0x30 ..\libavrxmega2_32qm_8x_4y_krs_4rs.a(touch_rs_qm.o)
 *(.bss*)
 .bss.current_time_ms_touch
                0x008020aa        0x2 main_xmega.o
 .bss.time_to_measure_touch
                0x008020ac        0x1 main_xmega.o
 .bss.qgLibraryChanges
                0x008020ad        0x2 QDebug.o
 .bss.qgSubsAllways
                0x008020af        0x2 QDebug.o
 .bss.qgSubsOnce
                0x008020b1        0x2 QDebug.o
 .bss.qgSubsChange
                0x008020b3        0x2 QDebug.o
 .bss.delivery  0x008020b5        0x2 QDebug.o
 .bss.packet_crc
                0x008020b7        0x1 QDebugTransport.o
                0x008020b7                packet_crc
 .bss.SequenceH
                0x008020b8        0x1 QDebugTransport.o
                0x008020b8                SequenceH
 .bss.SequenceL
                0x008020b9        0x1 QDebugTransport.o
                0x008020b9                SequenceL
 .bss.state.1740
                0x008020ba        0x1 QDebugTransport.o
 .bss.length.1738
                0x008020bb        0x2 QDebugTransport.o
 .bss.received.1739
                0x008020bd        0x2 QDebugTransport.o
 *(COMMON)
 COMMON         0x008020bf        0x8 QDebug.o
                0x008020bf                lib_siginfo
                0x008020c5                qgRefschanged
                0x008020c6                qgStateschanged
 COMMON         0x008020c7       0x8f QDebugTransport.o
                0x008020c7                RX_index
                0x008020c9                RX_Buffer
                0x00802153                TX_Buffer
                0x00802154                TX_index
 COMMON         0x00802156       0x93 ..\libavrxmega2_32qm_8x_4y_krs_4rs.a(touch_api.o)
                0x00802156                qt_config_data
                0x0080215d                qt_filter_callback
                0x0080215f                qt_measure_data
                0x008021e7                lib_status_flags
 COMMON         0x008021e9      0x102 ..\libavrxmega2_32qm_8x_4y_krs_4rs.a(touch_process.o)
                0x008021e9                dht_counter
                0x008021ea                num_sensors
                0x008021eb                sensors
 COMMON         0x008022eb        0xb ..\libavrxmega2_32qm_8x_4y_krs_4rs.a(touch_burst_qm.o)
                0x008022eb                reg_clya
                0x008022ec                old_isr_state
                0x008022ed                reg_flyab
                0x008022ee                reg_clyb
                0x008022ef                reg_flyb
                0x008022f0                burst_mask
                0x008022f5                reg_flya
 COMMON         0x008022f6        0x1 ..\libavrxmega2_32qm_8x_4y_krs_4rs.a(touch_rs_qm.o)
                0x008022f6                num_rotors_sliders
                0x008022f7                PROVIDE (__bss_end, .)
                0x0000223a                __data_load_start = LOADADDR (.data)
                0x0000228e                __data_load_end = (__data_load_start + SIZEOF (.data))

.noinit         0x008022f7        0x0
                0x008022f7                PROVIDE (__noinit_start, .)
 *(.noinit*)
                0x008022f7                PROVIDE (__noinit_end, .)
                0x008022f7                _end = .
                0x008022f7                PROVIDE (__heap_start, .)

.eeprom         0x00810000        0x0
 *(.eeprom*)
                0x00810000                __eeprom_end = .

.fuse
 *(.fuse)
 *(.lfuse)
 *(.hfuse)
 *(.efuse)

.lock
 *(.lock*)

.signature
 *(.signature*)

.user_signatures
 *(.user_signatures*)

.stab           0x00000000      0x6cc
 *(.stab)
 .stab          0x00000000      0x6cc c:/program files (x86)/atmel/atmel toolchain/avr8 gcc/native/3.4.2.1002/avr8-gnu-toolchain/bin/../lib/gcc/avr/4.7.2/../../../../avr/lib/avrxmega2/crtx16a4u.o

.stabstr        0x00000000       0x97
 *(.stabstr)
 .stabstr       0x00000000       0x97 c:/program files (x86)/atmel/atmel toolchain/avr8 gcc/native/3.4.2.1002/avr8-gnu-toolchain/bin/../lib/gcc/avr/4.7.2/../../../../avr/lib/avrxmega2/crtx16a4u.o

.stab.excl
 *(.stab.excl)

.stab.exclstr
 *(.stab.exclstr)

.stab.index
 *(.stab.index)

.stab.indexstr
 *(.stab.indexstr)

.comment        0x00000000       0x2f
 *(.comment)
 .comment       0x00000000       0x2f BitBangSPI_Master.o
                                 0x30 (size before relaxing)
 .comment       0x00000000       0x30 eeprom_access.o
 .comment       0x00000000       0x30 main_xmega.o
 .comment       0x00000000       0x30 QDebug.o
 .comment       0x00000000       0x30 QDebugTransport.o

.debug
 *(.debug)

.line
 *(.line)

.debug_srcinfo
 *(.debug_srcinfo)

.debug_sfnames
 *(.debug_sfnames)

.debug_aranges  0x00000000      0x1e0
 *(.debug_aranges)
 .debug_aranges
                0x00000000       0x30 BitBangSPI_Master.o
 .debug_aranges
                0x00000030       0x58 eeprom_access.o
 .debug_aranges
                0x00000088       0x38 main_xmega.o
 .debug_aranges
                0x000000c0       0xb8 QDebug.o
 .debug_aranges
                0x00000178       0x48 QDebugTransport.o
 .debug_aranges
                0x000001c0       0x20 qm_asm_xmega.o

.debug_pubnames
 *(.debug_pubnames)

.debug_info     0x00000000     0x2fde
 *(.debug_info)
 .debug_info    0x00000000      0x173 BitBangSPI_Master.o
 .debug_info    0x00000173      0x806 eeprom_access.o
 .debug_info    0x00000979     0x14d0 main_xmega.o
 .debug_info    0x00001e49      0xe90 QDebug.o
 .debug_info    0x00002cd9      0x288 QDebugTransport.o
 .debug_info    0x00002f61       0x7d qm_asm_xmega.o
 *(.gnu.linkonce.wi.*)

.debug_abbrev   0x00000000      0x9b4
 *(.debug_abbrev)
 .debug_abbrev  0x00000000      0x115 BitBangSPI_Master.o
 .debug_abbrev  0x00000115      0x1b7 eeprom_access.o
 .debug_abbrev  0x000002cc      0x31f main_xmega.o
 .debug_abbrev  0x000005eb      0x253 QDebug.o
 .debug_abbrev  0x0000083e      0x162 QDebugTransport.o
 .debug_abbrev  0x000009a0       0x14 qm_asm_xmega.o

.debug_line     0x00000000      0xbae
 *(.debug_line)
 .debug_line    0x00000000      0x147 BitBangSPI_Master.o
 .debug_line    0x00000147      0x28e eeprom_access.o
 .debug_line    0x000003d5      0x21f main_xmega.o
 .debug_line    0x000005f4      0x38c QDebug.o
 .debug_line    0x00000980      0x193 QDebugTransport.o
 .debug_line    0x00000b13       0x9b qm_asm_xmega.o

.debug_frame    0x00000000      0x490
 *(.debug_frame)
 .debug_frame   0x00000000       0x64 BitBangSPI_Master.o
 .debug_frame   0x00000064      0x104 eeprom_access.o
 .debug_frame   0x00000168       0x7c main_xmega.o
 .debug_frame   0x000001e4      0x230 QDebug.o
 .debug_frame   0x00000414       0x7c QDebugTransport.o

.debug_str      0x00000000     0x161b
 *(.debug_str)
 .debug_str     0x00000000      0x124 BitBangSPI_Master.o
                                0x158 (size before relaxing)
 .debug_str     0x00000124      0x67b eeprom_access.o
                                0x7bd (size before relaxing)
 .debug_str     0x0000079f      0xb4b main_xmega.o
                                0xe3a (size before relaxing)
 .debug_str     0x000012ea      0x2fe QDebug.o
                                0x76d (size before relaxing)
 .debug_str     0x000015e8       0x33 QDebugTransport.o
                                0x1ae (size before relaxing)

.debug_loc      0x00000000      0xbf9
 *(.debug_loc)
 .debug_loc     0x00000000       0xec BitBangSPI_Master.o
 .debug_loc     0x000000ec      0x2ab eeprom_access.o
 .debug_loc     0x00000397      0x13c main_xmega.o
 .debug_loc     0x000004d3      0x5b9 QDebug.o
 .debug_loc     0x00000a8c      0x16d QDebugTransport.o

.debug_macinfo
 *(.debug_macinfo)

.debug_pubtypes
 *(.debug_pubtypes)

.debug_ranges   0x00000000      0x170
 *(.debug_ranges)
 .debug_ranges  0x00000000       0x20 BitBangSPI_Master.o
 .debug_ranges  0x00000020       0x48 eeprom_access.o
 .debug_ranges  0x00000068       0x28 main_xmega.o
 .debug_ranges  0x00000090       0xa8 QDebug.o
 .debug_ranges  0x00000138       0x38 QDebugTransport.o

.debug_macro
 *(.debug_macro)
OUTPUT(Pong.0.elf elf32-avr)
LOAD linker stubs
